../CMSIS/core_cm0plus.h:733:22:__NVIC_EnableIRQ	16	static
../CMSIS/core_cm0plus.h:840:22:__NVIC_SetPriority	24	static
../drivers/fsl_port.h:268:20:PORT_SetPinConfig	32	static
../drivers/fsl_port.h:439:20:PORT_SetPinInterruptConfig	24	static
../drivers/fsl_port.h:484:20:PORT_ClearPinsInterruptFlags	16	static
../source/mma8451.c:139:16:mma8451_read_reg	56	static
../source/mma8451.c:158:13:mma8451_write_reg	48	static
../source/mma8451.c:181:13:config_port_int1	16	static
../source/mma8451.c:212:6:mma8451_init	32	static
../source/mma8451.c:258:6:mma8451_setDataRate	32	static
../source/mma8451.c:282:9:mma8451_getAcX	8	static
../source/mma8451.c:287:6:PORTC_PORTD_IRQHandler	32	static
